/*
 * Copyright (c) 2023-2024 Huawei Device Co., Ltd.
 * Licensed under the Apache License, Version 2.0 (the "License");
 * you may not use this file except in compliance with the License.
 * You may obtain a copy of the License at
 *
 *     http://www.apache.org/licenses/LICENSE-2.0
 *
 * Unless required by applicable law or agreed to in writing, software
 * distributed under the License is distributed on an "AS IS" BASIS,
 * WITHOUT WARRANTIES OR CONDITIONS OF ANY KIND, either express or implied.
 * See the License for the specific language governing permissions and
 * limitations under the License.
 */
 
export declare interface I0 {
    I0Method(a: string): string;
}
export declare interface I1 {
    I1Method(a: number): number;
}
export declare class Base {
    public a: number;
    public constructor(a: number);
}
export declare class Derived extends Base implements I0, I1 {
    public I0Method(a: string): string;
    public I1Method(a: number): number;
    public b: number;
    public constructor(a: number, b: number);
}
