/*
 * Copyright (c) 2023-2024 Huawei Device Co., Ltd.
 * Licensed under the Apache License, Version 2.0 (the "License");
 * you may not use this file except in compliance with the License.
 * You may obtain a copy of the License at
 *
 *     http://www.apache.org/licenses/LICENSE-2.0
 *
 * Unless required by applicable law or agreed to in writing, software
 * distributed under the License is distributed on an "AS IS" BASIS,
 * WITHOUT WARRANTIES OR CONDITIONS OF ANY KIND, either express or implied.
 * See the License for the specific language governing permissions and
 * limitations under the License.
 */

export declare class Fields {
    public readonly readonlyBoolean_: boolean;
    public static staticFloat_: number;
    public number_: number;
    public Number_: number;
    public double_: number;
    public Double_: number;
    public int_: number;
    public string_: string;
    public nullableString_: string | null;
    public object_: Object;
    public rangeError_: RangeError;
    public uint8Array_: Uint8Array;
    public uint16Array_: Uint16Array;
    public uint32Array_: Uint32Array;
    constructor();
}

