# Copyright (c) 2025 Huawei Device Co., Ltd.
# Licensed under the Apache License, Version 2.0 (the "License");
# you may not use this file except in compliance with the License.
# You may obtain a copy of the License at
#
# http://www.apache.org/licenses/LICENSE-2.0
#
# Unless required by applicable law or agreed to in writing, software
# distributed under the License is distributed on an "AS IS" BASIS,
# WITHOUT WARRANTIES OR CONDITIONS OF ANY KIND, either express or implied.
# See the License for the specific language governing permissions and
# limitations under the License.
#
Syntax error ESY0067: Rest parameter must be the last formal parameter.
Syntax error ESY0230: Expected '=>', got 'identification literal'.
Semantic error ESE0143: Unresolved reference b
Syntax error ESY0227: Unexpected token ':'.
Syntax error ESY0227: Unexpected token 'string'.
Semantic error ESE0144: Type name 'string' used in the wrong context
Syntax error ESY0227: Unexpected token ')'.
Syntax error ESY0227: Unexpected token '=>'.
