/*
 * Copyright (c) 2023-2024 Huawei Device Co., Ltd.
 * Licensed under the Apache License, Version 2.0 (the "License");
 * you may not use this file except in compliance with the License.
 * You may obtain a copy of the License at
 *
 *     http://www.apache.org/licenses/LICENSE-2.0
 *
 * Unless required by applicable law or agreed to in writing, software
 * distributed under the License is distributed on an "AS IS" BASIS,
 * WITHOUT WARRANTIES OR CONDITIONS OF ANY KIND, either express or implied.
 * See the License for the specific language governing permissions and
 * limitations under the License.
 */
import { Lib2Class,Lib2Class2 } from "./lib2";
export declare class C {
    public constructor();
    public get o1(): Lib2Class;
    public set o1(value: Lib2Class);
    public get o2(): Lib2Class2;
    public set o2(value: Lib2Class2);
    public get v1(): number;
    public set v1(value: number);
}
export declare class DynObjWrapper {
    public get dynObj_(): any;
    public set dynObj_(value: any);
    constructor();
}
