# Copyright (c) 2025 Huawei Device Co., Ltd.
# Licensed under the Apache License, Version 2.0 (the "License");
# you may not use this file except in compliance with the License.
# You may obtain a copy of the License at
#
# http://www.apache.org/licenses/LICENSE-2.0
#
# Unless required by applicable law or agreed to in writing, software
# distributed under the License is distributed on an "AS IS" BASIS,
# WITHOUT WARRANTIES OR CONDITIONS OF ANY KIND, either express or implied.
# See the License for the specific language governing permissions and
# limitations under the License.
#
10
-128
3
1234
NaN
NaN
123
NaN
15n
NaN
NaN
---
10
-128
3.14
1234.567
NaN
NaN
123
NaN
0
NaN
---
10
-128
3.14
1234.567
NaN
NaN
123
NaN
NaN
NaN
---
[ [ 1, 2, [length]: 2 ], [length]: 1 ]
[ [ 1, 2 ] ]
---
hello, world
1,2,3
-128
undefined
---
"hello, world"
123
[1,2,3]
true
undefined
null
